 hello

 Timestamp is 5148b870 (Tue Mar 19 15:11:44 2013)

 Preferred load address is 00400000

 Start         Length     Name                   Class
 0001:00000000 0000430bH .text                   CODE
 0002:00000000 00000121H .rdata                  DATA
 0002:00000121 00000000H .edata                  DATA
 0003:00000000 0000066cH .data                   DATA
 0004:00000000 0000003cH .idata$2                DATA
 0004:0000003c 00000014H .idata$3                DATA
 0004:00000050 00000138H .idata$4                DATA
 0004:00000188 00000138H .idata$5                DATA
 0004:000002c0 00000415H .idata$6                DATA

  Address         Publics by Value              Rva+Base     Lib:Object

 0001:000005b0       _Math_DegreesToRadians@0   004015b0 f   hello.obj
 0001:000005fc       _Math_Hyperbolic_HCos@0    004015fc f   hello.obj
 0001:0000065c       _Math_Hyperbolic_HCosec@0  0040165c f   hello.obj
 0001:000006be       _Math_Hyperbolic_HCotan@0  004016be f   hello.obj
 0001:00000744       _Math_Hyperbolic_HSec@0    00401744 f   hello.obj
 0001:000007a4       _Math_Hyperbolic_HSin@0    004017a4 f   hello.obj
 0001:00000806       _Math_Hyperbolic_HTan@0    00401806 f   hello.obj
 0001:0000088c       _Math_Hyperbolic_Inverse_HArccos@0 0040188c f   hello.obj
 0001:000008f5       _Math_Hyperbolic_Inverse_HArccosec@0 004018f5 f   hello.obj
 0001:00000994       _Math_Hyperbolic_Inverse_HArccotan@0 00401994 f   hello.obj
 0001:00000a1a       _Math_Hyperbolic_Inverse_HArcsec@0 00401a1a f   hello.obj
 0001:00000aa4       _Math_Hyperbolic_Inverse_HArcsin@0 00401aa4 f   hello.obj
 0001:00000b0b       _Math_Hyperbolic_Inverse_HArctan@0 00401b0b f   hello.obj
 0001:00000b91       _Math_RadiansToDegrees@0   00401b91 f   hello.obj
 0001:00000bdd       _Samples_Cotorra_Destructor@0 00401bdd f   hello.obj
 0001:00000c23       _Samples_Cotorra_Listen@0  00401c23 f   hello.obj
 0001:00000cb9       _Samples_Cotorra_Talk@0    00401cb9 f   hello.obj
 0001:00000cdb       _Samples_Cotorra@0         00401cdb f   hello.obj
 0001:00000cf1       _Samples_SimpleProbability_CalcMedia@0 00401cf1 f   hello.obj
 0001:00000d9c       _Samples_SimpleProbability_CalcStdDev@0 00401d9c f   hello.obj
 0001:00000dc5       _Samples_SimpleProbability_CalcVariance@0 00401dc5 f   hello.obj
 0001:00000ea9       _Samples_SimpleProbability_Destructor@0 00401ea9 f   hello.obj
 0001:00000eca       _Samples_SimpleProbability_Fibonacci@0 00401eca f   hello.obj
 0001:00000fbd       _Samples_SimpleProbability_Init@0 00401fbd f   hello.obj
 0001:0000117f       _Samples_SimpleProbability_Power@0 0040217f f   hello.obj
 0001:0000124a       _Samples_SimpleProbability_PrintPrettySeq1@0 0040224a f   hello.obj
 0001:00001353       _Samples_SimpleProbability_PrintPrettySeq2@0 00402353 f   hello.obj
 0001:00001455       _Samples_SimpleProbability@0 00402455 f   hello.obj
 0001:00001473       ___member_Init@Samples_Cotorra@0 00402473 f   hello.obj
 0001:0000148b       ___member_Init@Samples_SimpleProbability@0 0040248b f   hello.obj
 0001:000014bb       _Samples_Application_main@0 004024bb f   hello.obj
 0001:000017a0       ___System_Hpp_Runtime_Init@0 004027a0 f   hello.obj
 0001:00001cdc       ___Internal_ConsoleIO_LX@0 00402cdc f   hcclib32.obj
 0001:00001d0d       ___Internal_ConsoleIO_L@0  00402d0d f   hcclib32.obj
 0001:00001d17       _Console_ClearScreen@0     00402d17 f   hcclib32.obj
 0001:00001d9c       _Console_ReadString@0      00402d9c f   hcclib32.obj
 0001:00001de9       _Console_ReadChar@0        00402de9 f   hcclib32.obj
 0001:00001e4f       _Console_WriteString@0     00402e4f f   hcclib32.obj
 0001:00001e97       _Console_WriteCrlf@0       00402e97 f   hcclib32.obj
 0001:00001eab       _Console_WriteChar@0       00402eab f   hcclib32.obj
 0001:00001ec0       _Console_WriteBoolean@0    00402ec0 f   hcclib32.obj
 0001:00001ee4       _Console_ReadInteger@0     00402ee4 f   hcclib32.obj
 0001:00001ef0       _Console_WriteIntegerEx@0  00402ef0 f   hcclib32.obj
 0001:00001f17       _Console_WriteInteger@0    00402f17 f   hcclib32.obj
 0001:00001f26       _Console_WriteBinary@0     00402f26 f   hcclib32.obj
 0001:00001f35       _Console_WriteHex@0        00402f35 f   hcclib32.obj
 0001:00001f44       _Console_WriteOctal@0      00402f44 f   hcclib32.obj
 0001:00001f53       _Console_ReadDouble@0      00402f53 f   hcclib32.obj
 0001:00001f63       _Console_WriteDouble@0     00402f63 f   hcclib32.obj
 0001:00001f86       _Console_WriteInteger64@0  00402f86 f   hcclib32.obj
 0001:00001fa1       _Console_SetCursorPos@0    00402fa1 f   hcclib32.obj
 0001:00001fd8       _Console_SetTextColor@0    00402fd8 f   hcclib32.obj
 0001:00002000       _Console_SetConsoleSize@0  00403000 f   hcclib32.obj
 0001:00002032       _Console_SetTitle@0        00403032 f   hcclib32.obj
 0001:00002049       _Console_GetTitle@0        00403049 f   hcclib32.obj
 0001:0000206c       _Console_MoveWindow@0      0040306c f   hcclib32.obj
 0001:000020bc       _File_Open@0               004030bc f   hcclib32.obj
 0001:000020e5       _File_Close@0              004030e5 f   hcclib32.obj
 0001:000020f2       _File_Read@0               004030f2 f   hcclib32.obj
 0001:0000211a       _File_Write@0              0040311a f   hcclib32.obj
 0001:00002142       _File_Seek@0               00403142 f   hcclib32.obj
 0001:00002163       _File_FileSize@0           00403163 f   hcclib32.obj
 0001:00002177       _System_Exit@0             00403177 f   hcclib32.obj
 0001:00002184       _System_LastError@0        00403184 f   hcclib32.obj
 0001:0000218a       _System_CommandLineArgs@0  0040318a f   hcclib32.obj
 0001:00002190       _System_Execute@0          00403190 f   hcclib32.obj
 0001:000021a2       _System_GetTickCount@0     004031a2 f   hcclib32.obj
 0001:000021a8       _System_Sleep@0            004031a8 f   hcclib32.obj
 0001:000021b5       _System_Debug_OutputString@0 004031b5 f   hcclib32.obj
 0001:000021c1       _System_BreakPoint@0       004031c1 f   hcclib32.obj
 0001:000021c2       _System_IsDebuggerPresent@0 004031c2 f   hcclib32.obj
 0001:000021c8       _Math_Init@0               004031c8 f   hcclib32.obj
 0001:000021cb       _Math_Abs@0                004031cb f   hcclib32.obj
 0001:000021df       _Math_ChangeSign@0         004031df f   hcclib32.obj
 0001:000021f3       _Math_Sqrt@0               004031f3 f   hcclib32.obj
 0001:00002207       _Math_Sqr@0                00403207 f   hcclib32.obj
 0001:0000221d       _Math_Sin@0                0040321d f   hcclib32.obj
 0001:00002231       _Math_Cos@0                00403231 f   hcclib32.obj
 0001:00002245       _Math_Tan@0                00403245 f   hcclib32.obj
 0001:0000225c       _Math_ArcTan@0             0040325c f   hcclib32.obj
 0001:00002274       _Math_Round@0              00403274 f   hcclib32.obj
 0001:00002292       _Math_Round64@0            00403292 f   hcclib32.obj
 0001:000022a0       _Math_pi@0                 004032a0 f   hcclib32.obj
 0001:000022ab       _Math_log_10_base2@0       004032ab f   hcclib32.obj
 0001:000022b6       _Math_log_e_base2@0        004032b6 f   hcclib32.obj
 0001:000022c1       _Math_log_2_base10@0       004032c1 f   hcclib32.obj
 0001:000022cc       _Math_log_2_base_e@0       004032cc f   hcclib32.obj
 0001:000022d7       _Math_Modulus@0            004032d7 f   hcclib32.obj
 0001:000022ef       _Math_IEEEModulus@0        004032ef f   hcclib32.obj
 0001:00002307       _Math_ModulusTruncateDivisor@0 00403307 f   hcclib32.obj
 0001:0000231f       _Math_Ln@0                 0040331f f   hcclib32.obj
 0001:00002339       _Math_log2@0               00403339 f   hcclib32.obj
 0001:0000234f       _Math_log10@0              0040334f f   hcclib32.obj
 0001:00002369       _Math_Pow@0                00403369 f   hcclib32.obj
 0001:00002392       _Math_Exp@0                00403392 f   hcclib32.obj
 0001:000023b0       _Math_MantissaOf@0         004033b0 f   hcclib32.obj
 0001:000023da       _Math_GetNumberFrom@0      004033da f   hcclib32.obj
 0001:000023f4       _Math_LogN_base@0          004033f4 f   hcclib32.obj
 0001:00002437       _Math_Cotan@0              00403437 f   hcclib32.obj
 0001:0000244d       _Math_Sec@0                0040344d f   hcclib32.obj
 0001:0000246f       _Math_Cosec@0              0040346f f   hcclib32.obj
 0001:00002491       _Math_Inverse_Arcsin@0     00403491 f   hcclib32.obj
 0001:000024c5       _Math_Inverse_Arccos@0     004034c5 f   hcclib32.obj
 0001:00002518       _Math_Inverse_Arcsec@0     00403518 f   hcclib32.obj
 0001:0000257d       _Math_Inverse_Arccosec@0   0040357d f   hcclib32.obj
 0001:000025e7       _Math_Inverse_Arccotan@0   004035e7 f   hcclib32.obj
 0001:00002628       _FloatingPoint_Compare@0   00403628 f   hcclib32.obj
 0001:00002657       _Math_Max@0                00403657 f   hcclib32.obj
 0001:00002687       _Math_Min@0                00403687 f   hcclib32.obj
 0001:000026b7       _Math_Sign@0               004036b7 f   hcclib32.obj
 0001:000026e4       _FloatingPoint_CompareToInteger@0 004036e4 f   hcclib32.obj
 0001:00002713       _FloatingPoint_ToInt@0     00403713 f   hcclib32.obj
 0001:0000271f       _FloatingPoint_ToInt64@0   0040371f f   hcclib32.obj
 0001:0000272d       _FloatingPoint_FromInt@0   0040372d f   hcclib32.obj
 0001:0000273c       _FloatingPoint_FromInt64@0 0040373c f   hcclib32.obj
 0001:0000274b       _Math_Pow2@0               0040374b f   hcclib32.obj
 0001:000027a5       _Math_Odd@0                004037a5 f   hcclib32.obj
 0001:000027ba       _Math_Even@0               004037ba f   hcclib32.obj
 0001:000027cf       _Math_Trunc@0              004037cf f   hcclib32.obj
 0001:000027e0       _StringHandling_StringLength2@0 004037e0 f   hcclib32.obj
 0001:000027fe       _StringHandling_StringLength@0 004037fe f   hcclib32.obj
 0001:00002824       _StringHandling_StringCopy@0 00403824 f   hcclib32.obj
 0001:0000284b       _StringHandling_StringCompare@0 0040384b f   hcclib32.obj
 0001:00002876       _StringHandling_StringUCase@0 00403876 f   hcclib32.obj
 0001:0000289b       _StringHandling_StringLCase@0 0040389b f   hcclib32.obj
 0001:000028bb       _Math_Gcd@0                004038bb f   hcclib32.obj
 0001:000028e5       _Integer_toStringEx@0      004038e5 f   hcclib32.obj
 0001:0000294a       _Integer_toString@0        0040394a f   hcclib32.obj
 0001:00002969       _Integer_fromString@0      00403969 f   hcclib32.obj
 0001:000029b8       _FloatingPoint_toString@0  004039b8 f   hcclib32.obj
 0001:000029d5       _FloatingPoint_toStringEx@0 004039d5 f   hcclib32.obj
 0001:00002b9c       ___AccumValue_Number@0     00403b9c f   hcclib32.obj
 0001:00002c34       _FloatingPoint_fromString@0 00403c34 f   hcclib32.obj
 0001:00002db0       _System_Memory_GetProcessHeap@0 00403db0 f   hcclib32.obj
 0001:00002db6       _System_Memory_Memset@0    00403db6 f   hcclib32.obj
 0001:00002dd1       _System_Memory_Alloc@0     00403dd1 f   hcclib32.obj
 0001:00002de9       _System_Memory_Free@0      00403de9 f   hcclib32.obj
 0001:00002dfe       _System_Memory_Size@0      00403dfe f   hcclib32.obj
 0001:00002e13       _System_Memory_New@0       00403e13 f   hcclib32.obj
 0001:00002e26       _System_Memory_Destroy@0   00403e26 f   hcclib32.obj
 0001:00002e39       _System_Memory_SizeFor@0   00403e39 f   hcclib32.obj
 0001:00002e4c       _System_ShowMessage@0      00403e4c f   hcclib32.obj
 0001:00002e67       _StringHandling_StringSet@0 00403e67 f   hcclib32.obj
 0001:00002e83       ___purecall@0              00403e83 f   hcclib32.obj
 0001:00002e97       _System_GetCommandLineArgv@0 00403e97 f   hcclib32.obj
 0001:0000340c       _GetVersion@0              0040440c f   kernel32:KERNEL32.dll
 0001:00003412       _CloseHandle@4             00404412 f   kernel32:KERNEL32.dll
 0001:00003418       _CreateFileA@28            00404418 f   kernel32:KERNEL32.dll
 0001:0000341e       _ExitProcess@4             0040441e f   kernel32:KERNEL32.dll
 0001:00003424       _GetConsoleMode@8          00404424 f   kernel32:KERNEL32.dll
 0001:0000342a       _GetConsoleScreenBufferInfo@8 0040442a f   kernel32:KERNEL32.dll
 0001:00003430       _GetLastError@0            00404430 f   kernel32:KERNEL32.dll
 0001:00003436       _GetStdHandle@4            00404436 f   kernel32:KERNEL32.dll
 0001:0000343c       _GetTickCount@0            0040443c f   kernel32:KERNEL32.dll
 0001:00003442       _GetProcessHeap@0          00404442 f   kernel32:KERNEL32.dll
 0001:00003448       _HeapAlloc@12              00404448 f   kernel32:KERNEL32.dll
 0001:0000344e       _HeapFree@12               0040444e f   kernel32:KERNEL32.dll
 0001:00003454       _HeapSize@12               00404454 f   kernel32:KERNEL32.dll
 0001:0000345a       _ReadConsoleA@20           0040445a f   kernel32:KERNEL32.dll
 0001:00003460       _ReadFile@20               00404460 f   kernel32:KERNEL32.dll
 0001:00003466       _SetConsoleCursorPosition@8 00404466 f   kernel32:KERNEL32.dll
 0001:0000346c       _SetConsoleMode@8          0040446c f   kernel32:KERNEL32.dll
 0001:00003472       _SetConsoleScreenBufferSize@8 00404472 f   kernel32:KERNEL32.dll
 0001:00003478       _SetConsoleTextAttribute@8 00404478 f   kernel32:KERNEL32.dll
 0001:0000347e       _SetConsoleTitleA@4        0040447e f   kernel32:KERNEL32.dll
 0001:00003484       _SetConsoleWindowInfo@12   00404484 f   kernel32:KERNEL32.dll
 0001:0000348a       _SetFilePointer@16         0040448a f   kernel32:KERNEL32.dll
 0001:00003490       _Sleep@4                   00404490 f   kernel32:KERNEL32.dll
 0001:00003496       _WriteFile@20              00404496 f   kernel32:KERNEL32.dll
 0001:0000349c       _WriteConsoleA@20          0040449c f   kernel32:KERNEL32.dll
 0001:000034a2       _GetConsoleTitleA@8        004044a2 f   kernel32:KERNEL32.dll
 0001:000034a8       _GetFileSize@8             004044a8 f   kernel32:KERNEL32.dll
 0001:000034ae       _WinExec@8                 004044ae f   kernel32:KERNEL32.dll
 0001:000034b4       _OutputDebugStringA@4      004044b4 f   kernel32:KERNEL32.dll
 0001:000034ba       _IsDebuggerPresent@0       004044ba f   kernel32:KERNEL32.dll
 0001:000034c0       _FillConsoleOutputCharacterA@20 004044c0 f   kernel32:KERNEL32.dll
 0001:000034c6       _FillConsoleOutputAttribute@20 004044c6 f   kernel32:KERNEL32.dll
 0001:000034cc       _lstrlenW@4                004044cc f   kernel32:KERNEL32.dll
 0001:000034d2       _GetCommandLineW@0         004044d2 f   kernel32:KERNEL32.dll
 0001:000034d8       _WideCharToMultiByte@32    004044d8 f   kernel32:KERNEL32.dll
 0001:000034de       _LocalFree@4               004044de f   kernel32:KERNEL32.dll
 0001:000034e4       _MessageBoxA@16            004044e4 f   user32:USER32.dll
 0001:000034ea       _CommandLineToArgvW@8      004044ea f   shell32:SHELL32.dll
 0003:00000228       _ConsoleHandle             00407228     hcclib32.obj
 0003:0000022c       _ConsoleBuffer             0040722c     hcclib32.obj
 0003:0000027e       _ConsoleTitle              0040727e     hcclib32.obj
 0004:00000000       __IMPORT_DESCRIPTOR_KERNEL32 00408000     kernel32:KERNEL32.dll
 0004:00000014       __IMPORT_DESCRIPTOR_USER32 00408014     user32:USER32.dll
 0004:00000028       __IMPORT_DESCRIPTOR_SHELL32 00408028     shell32:SHELL32.dll
 0004:0000003c       __NULL_IMPORT_DESCRIPTOR   0040803c     kernel32:KERNEL32.dll
 0004:00000188       __imp__GetVersion@0        00408188     kernel32:KERNEL32.dll
 0004:0000018c       __imp__CloseHandle@4       0040818c     kernel32:KERNEL32.dll
 0004:00000190       __imp__CreateFileA@28      00408190     kernel32:KERNEL32.dll
 0004:00000194       __imp__ExitProcess@4       00408194     kernel32:KERNEL32.dll
 0004:00000198       __imp__GetConsoleMode@8    00408198     kernel32:KERNEL32.dll
 0004:0000019c       __imp__GetConsoleScreenBufferInfo@8 0040819c     kernel32:KERNEL32.dll
 0004:000001a0       __imp__GetLastError@0      004081a0     kernel32:KERNEL32.dll
 0004:000001a4       __imp__GetStdHandle@4      004081a4     kernel32:KERNEL32.dll
 0004:000001a8       __imp__GetTickCount@0      004081a8     kernel32:KERNEL32.dll
 0004:000001ac       __imp__GetProcessHeap@0    004081ac     kernel32:KERNEL32.dll
 0004:000001b0       __imp__HeapAlloc@12        004081b0     kernel32:KERNEL32.dll
 0004:000001b4       __imp__HeapFree@12         004081b4     kernel32:KERNEL32.dll
 0004:000001b8       __imp__HeapSize@12         004081b8     kernel32:KERNEL32.dll
 0004:000001bc       __imp__ReadConsoleA@20     004081bc     kernel32:KERNEL32.dll
 0004:000001c0       __imp__ReadFile@20         004081c0     kernel32:KERNEL32.dll
 0004:000001c4       __imp__SetConsoleCursorPosition@8 004081c4     kernel32:KERNEL32.dll
 0004:000001c8       __imp__SetConsoleMode@8    004081c8     kernel32:KERNEL32.dll
 0004:000001cc       __imp__SetConsoleScreenBufferSize@8 004081cc     kernel32:KERNEL32.dll
 0004:000001d0       __imp__SetConsoleTextAttribute@8 004081d0     kernel32:KERNEL32.dll
 0004:000001d4       __imp__SetConsoleTitleA@4  004081d4     kernel32:KERNEL32.dll
 0004:000001d8       __imp__SetConsoleWindowInfo@12 004081d8     kernel32:KERNEL32.dll
 0004:000001dc       __imp__SetFilePointer@16   004081dc     kernel32:KERNEL32.dll
 0004:000001e0       __imp__Sleep@4             004081e0     kernel32:KERNEL32.dll
 0004:000001e4       __imp__WriteFile@20        004081e4     kernel32:KERNEL32.dll
 0004:000001e8       __imp__WriteConsoleA@20    004081e8     kernel32:KERNEL32.dll
 0004:000001ec       __imp__GetConsoleTitleA@8  004081ec     kernel32:KERNEL32.dll
 0004:000001f0       __imp__GetFileSize@8       004081f0     kernel32:KERNEL32.dll
 0004:000001f4       __imp__WinExec@8           004081f4     kernel32:KERNEL32.dll
 0004:000001f8       __imp__OutputDebugStringA@4 004081f8     kernel32:KERNEL32.dll
 0004:000001fc       __imp__IsDebuggerPresent@0 004081fc     kernel32:KERNEL32.dll
 0004:00000200       __imp__FillConsoleOutputCharacterA@20 00408200     kernel32:KERNEL32.dll
 0004:00000204       __imp__FillConsoleOutputAttribute@20 00408204     kernel32:KERNEL32.dll
 0004:00000208       __imp__lstrlenW@4          00408208     kernel32:KERNEL32.dll
 0004:0000020c       __imp__GetCommandLineW@0   0040820c     kernel32:KERNEL32.dll
 0004:00000210       __imp__WideCharToMultiByte@32 00408210     kernel32:KERNEL32.dll
 0004:00000214       __imp__LocalFree@4         00408214     kernel32:KERNEL32.dll
 0004:00000218       \177KERNEL32_NULL_THUNK_DATA 00408218     kernel32:KERNEL32.dll
 0004:00000260       __imp__CommandLineToArgvW@8 00408260     shell32:SHELL32.dll
 0004:00000264       \177SHELL32_NULL_THUNK_DATA 00408264     shell32:SHELL32.dll
 0004:00000290       __imp__MessageBoxA@16      00408290     user32:USER32.dll
 0004:00000294       \177USER32_NULL_THUNK_DATA 00408294     user32:USER32.dll

 entry point at        0001:000017a0

