 testhelloworld

 Timestamp is 5148b89f (Tue Mar 19 15:12:31 2013)

 Preferred load address is 00400000

 Start         Length     Name                   Class
 0001:00000000 00003966H .text                   CODE
 0002:00000000 00000121H .rdata                  DATA
 0002:00000121 00000000H .edata                  DATA
 0003:00000000 0000063cH .data                   DATA
 0004:00000000 0000003cH .idata$2                DATA
 0004:0000003c 00000014H .idata$3                DATA
 0004:00000050 00000138H .idata$4                DATA
 0004:00000188 00000138H .idata$5                DATA
 0004:000002c0 00000415H .idata$6                DATA

  Address         Publics by Value              Rva+Base     Lib:Object

 0001:00000540       _Math_DegreesToRadians@0   00401540 f   testhelloworld.obj
 0001:0000058c       _Math_Hyperbolic_HCos@0    0040158c f   testhelloworld.obj
 0001:000005ec       _Math_Hyperbolic_HCosec@0  004015ec f   testhelloworld.obj
 0001:0000064e       _Math_Hyperbolic_HCotan@0  0040164e f   testhelloworld.obj
 0001:000006d4       _Math_Hyperbolic_HSec@0    004016d4 f   testhelloworld.obj
 0001:00000734       _Math_Hyperbolic_HSin@0    00401734 f   testhelloworld.obj
 0001:00000796       _Math_Hyperbolic_HTan@0    00401796 f   testhelloworld.obj
 0001:0000081c       _Math_Hyperbolic_Inverse_HArccos@0 0040181c f   testhelloworld.obj
 0001:00000885       _Math_Hyperbolic_Inverse_HArccosec@0 00401885 f   testhelloworld.obj
 0001:00000924       _Math_Hyperbolic_Inverse_HArccotan@0 00401924 f   testhelloworld.obj
 0001:000009aa       _Math_Hyperbolic_Inverse_HArcsec@0 004019aa f   testhelloworld.obj
 0001:00000a34       _Math_Hyperbolic_Inverse_HArcsin@0 00401a34 f   testhelloworld.obj
 0001:00000a9b       _Math_Hyperbolic_Inverse_HArctan@0 00401a9b f   testhelloworld.obj
 0001:00000b21       _Math_RadiansToDegrees@0   00401b21 f   testhelloworld.obj
 0001:00000b6d       _Test_HelloWorld_Hello1@0  00401b6d f   testhelloworld.obj
 0001:00000e06       _Test_HelloWorld_Hello2@0  00401e06 f   testhelloworld.obj
 0001:00000e56       _Test_HelloWorld@0         00401e56 f   testhelloworld.obj
 0001:00000e6c       ___member_Init@Test_HelloWorld@0 00401e6c f   testhelloworld.obj
 0001:00000e85       _Test_HelloWorld_main@0    00401e85 f   testhelloworld.obj
 0001:00000fae       ___System_Hpp_Runtime_Init@0 00401fae f   testhelloworld.obj
 0001:00001308       ___Internal_ConsoleIO_LX@0 00402308 f   hcclib32.obj
 0001:00001339       ___Internal_ConsoleIO_L@0  00402339 f   hcclib32.obj
 0001:00001343       _Console_ClearScreen@0     00402343 f   hcclib32.obj
 0001:000013c8       _Console_ReadString@0      004023c8 f   hcclib32.obj
 0001:00001415       _Console_ReadChar@0        00402415 f   hcclib32.obj
 0001:0000147b       _Console_WriteString@0     0040247b f   hcclib32.obj
 0001:000014c3       _Console_WriteCrlf@0       004024c3 f   hcclib32.obj
 0001:000014d7       _Console_WriteChar@0       004024d7 f   hcclib32.obj
 0001:000014ec       _Console_WriteBoolean@0    004024ec f   hcclib32.obj
 0001:00001510       _Console_ReadInteger@0     00402510 f   hcclib32.obj
 0001:0000151c       _Console_WriteIntegerEx@0  0040251c f   hcclib32.obj
 0001:00001543       _Console_WriteInteger@0    00402543 f   hcclib32.obj
 0001:00001552       _Console_WriteBinary@0     00402552 f   hcclib32.obj
 0001:00001561       _Console_WriteHex@0        00402561 f   hcclib32.obj
 0001:00001570       _Console_WriteOctal@0      00402570 f   hcclib32.obj
 0001:0000157f       _Console_ReadDouble@0      0040257f f   hcclib32.obj
 0001:0000158f       _Console_WriteDouble@0     0040258f f   hcclib32.obj
 0001:000015b2       _Console_WriteInteger64@0  004025b2 f   hcclib32.obj
 0001:000015cd       _Console_SetCursorPos@0    004025cd f   hcclib32.obj
 0001:00001604       _Console_SetTextColor@0    00402604 f   hcclib32.obj
 0001:0000162c       _Console_SetConsoleSize@0  0040262c f   hcclib32.obj
 0001:0000165e       _Console_SetTitle@0        0040265e f   hcclib32.obj
 0001:00001675       _Console_GetTitle@0        00402675 f   hcclib32.obj
 0001:00001698       _Console_MoveWindow@0      00402698 f   hcclib32.obj
 0001:000016e8       _File_Open@0               004026e8 f   hcclib32.obj
 0001:00001711       _File_Close@0              00402711 f   hcclib32.obj
 0001:0000171e       _File_Read@0               0040271e f   hcclib32.obj
 0001:00001746       _File_Write@0              00402746 f   hcclib32.obj
 0001:0000176e       _File_Seek@0               0040276e f   hcclib32.obj
 0001:0000178f       _File_FileSize@0           0040278f f   hcclib32.obj
 0001:000017a3       _System_Exit@0             004027a3 f   hcclib32.obj
 0001:000017b0       _System_LastError@0        004027b0 f   hcclib32.obj
 0001:000017b6       _System_CommandLineArgs@0  004027b6 f   hcclib32.obj
 0001:000017bc       _System_Execute@0          004027bc f   hcclib32.obj
 0001:000017ce       _System_GetTickCount@0     004027ce f   hcclib32.obj
 0001:000017d4       _System_Sleep@0            004027d4 f   hcclib32.obj
 0001:000017e1       _System_Debug_OutputString@0 004027e1 f   hcclib32.obj
 0001:000017ed       _System_BreakPoint@0       004027ed f   hcclib32.obj
 0001:000017ee       _System_IsDebuggerPresent@0 004027ee f   hcclib32.obj
 0001:000017f4       _Math_Init@0               004027f4 f   hcclib32.obj
 0001:000017f7       _Math_Abs@0                004027f7 f   hcclib32.obj
 0001:0000180b       _Math_ChangeSign@0         0040280b f   hcclib32.obj
 0001:0000181f       _Math_Sqrt@0               0040281f f   hcclib32.obj
 0001:00001833       _Math_Sqr@0                00402833 f   hcclib32.obj
 0001:00001849       _Math_Sin@0                00402849 f   hcclib32.obj
 0001:0000185d       _Math_Cos@0                0040285d f   hcclib32.obj
 0001:00001871       _Math_Tan@0                00402871 f   hcclib32.obj
 0001:00001888       _Math_ArcTan@0             00402888 f   hcclib32.obj
 0001:000018a0       _Math_Round@0              004028a0 f   hcclib32.obj
 0001:000018be       _Math_Round64@0            004028be f   hcclib32.obj
 0001:000018cc       _Math_pi@0                 004028cc f   hcclib32.obj
 0001:000018d7       _Math_log_10_base2@0       004028d7 f   hcclib32.obj
 0001:000018e2       _Math_log_e_base2@0        004028e2 f   hcclib32.obj
 0001:000018ed       _Math_log_2_base10@0       004028ed f   hcclib32.obj
 0001:000018f8       _Math_log_2_base_e@0       004028f8 f   hcclib32.obj
 0001:00001903       _Math_Modulus@0            00402903 f   hcclib32.obj
 0001:0000191b       _Math_IEEEModulus@0        0040291b f   hcclib32.obj
 0001:00001933       _Math_ModulusTruncateDivisor@0 00402933 f   hcclib32.obj
 0001:0000194b       _Math_Ln@0                 0040294b f   hcclib32.obj
 0001:00001965       _Math_log2@0               00402965 f   hcclib32.obj
 0001:0000197b       _Math_log10@0              0040297b f   hcclib32.obj
 0001:00001995       _Math_Pow@0                00402995 f   hcclib32.obj
 0001:000019be       _Math_Exp@0                004029be f   hcclib32.obj
 0001:000019dc       _Math_MantissaOf@0         004029dc f   hcclib32.obj
 0001:00001a06       _Math_GetNumberFrom@0      00402a06 f   hcclib32.obj
 0001:00001a20       _Math_LogN_base@0          00402a20 f   hcclib32.obj
 0001:00001a63       _Math_Cotan@0              00402a63 f   hcclib32.obj
 0001:00001a79       _Math_Sec@0                00402a79 f   hcclib32.obj
 0001:00001a9b       _Math_Cosec@0              00402a9b f   hcclib32.obj
 0001:00001abd       _Math_Inverse_Arcsin@0     00402abd f   hcclib32.obj
 0001:00001af1       _Math_Inverse_Arccos@0     00402af1 f   hcclib32.obj
 0001:00001b44       _Math_Inverse_Arcsec@0     00402b44 f   hcclib32.obj
 0001:00001ba9       _Math_Inverse_Arccosec@0   00402ba9 f   hcclib32.obj
 0001:00001c13       _Math_Inverse_Arccotan@0   00402c13 f   hcclib32.obj
 0001:00001c54       _FloatingPoint_Compare@0   00402c54 f   hcclib32.obj
 0001:00001c83       _Math_Max@0                00402c83 f   hcclib32.obj
 0001:00001cb3       _Math_Min@0                00402cb3 f   hcclib32.obj
 0001:00001ce3       _Math_Sign@0               00402ce3 f   hcclib32.obj
 0001:00001d10       _FloatingPoint_CompareToInteger@0 00402d10 f   hcclib32.obj
 0001:00001d3f       _FloatingPoint_ToInt@0     00402d3f f   hcclib32.obj
 0001:00001d4b       _FloatingPoint_ToInt64@0   00402d4b f   hcclib32.obj
 0001:00001d59       _FloatingPoint_FromInt@0   00402d59 f   hcclib32.obj
 0001:00001d68       _FloatingPoint_FromInt64@0 00402d68 f   hcclib32.obj
 0001:00001d77       _Math_Pow2@0               00402d77 f   hcclib32.obj
 0001:00001dd1       _Math_Odd@0                00402dd1 f   hcclib32.obj
 0001:00001de6       _Math_Even@0               00402de6 f   hcclib32.obj
 0001:00001dfb       _Math_Trunc@0              00402dfb f   hcclib32.obj
 0001:00001e0c       _StringHandling_StringLength2@0 00402e0c f   hcclib32.obj
 0001:00001e2a       _StringHandling_StringLength@0 00402e2a f   hcclib32.obj
 0001:00001e50       _StringHandling_StringCopy@0 00402e50 f   hcclib32.obj
 0001:00001e77       _StringHandling_StringCompare@0 00402e77 f   hcclib32.obj
 0001:00001ea2       _StringHandling_StringUCase@0 00402ea2 f   hcclib32.obj
 0001:00001ec7       _StringHandling_StringLCase@0 00402ec7 f   hcclib32.obj
 0001:00001ee7       _Math_Gcd@0                00402ee7 f   hcclib32.obj
 0001:00001f11       _Integer_toStringEx@0      00402f11 f   hcclib32.obj
 0001:00001f76       _Integer_toString@0        00402f76 f   hcclib32.obj
 0001:00001f95       _Integer_fromString@0      00402f95 f   hcclib32.obj
 0001:00001fe4       _FloatingPoint_toString@0  00402fe4 f   hcclib32.obj
 0001:00002001       _FloatingPoint_toStringEx@0 00403001 f   hcclib32.obj
 0001:000021c8       ___AccumValue_Number@0     004031c8 f   hcclib32.obj
 0001:00002260       _FloatingPoint_fromString@0 00403260 f   hcclib32.obj
 0001:000023dc       _System_Memory_GetProcessHeap@0 004033dc f   hcclib32.obj
 0001:000023e2       _System_Memory_Memset@0    004033e2 f   hcclib32.obj
 0001:000023fd       _System_Memory_Alloc@0     004033fd f   hcclib32.obj
 0001:00002415       _System_Memory_Free@0      00403415 f   hcclib32.obj
 0001:0000242a       _System_Memory_Size@0      0040342a f   hcclib32.obj
 0001:0000243f       _System_Memory_New@0       0040343f f   hcclib32.obj
 0001:00002452       _System_Memory_Destroy@0   00403452 f   hcclib32.obj
 0001:00002465       _System_Memory_SizeFor@0   00403465 f   hcclib32.obj
 0001:00002478       _System_ShowMessage@0      00403478 f   hcclib32.obj
 0001:00002493       _StringHandling_StringSet@0 00403493 f   hcclib32.obj
 0001:000024af       ___purecall@0              004034af f   hcclib32.obj
 0001:000024c3       _System_GetCommandLineArgv@0 004034c3 f   hcclib32.obj
 0001:00002a38       _GetVersion@0              00403a38 f   kernel32:KERNEL32.dll
 0001:00002a3e       _CloseHandle@4             00403a3e f   kernel32:KERNEL32.dll
 0001:00002a44       _CreateFileA@28            00403a44 f   kernel32:KERNEL32.dll
 0001:00002a4a       _ExitProcess@4             00403a4a f   kernel32:KERNEL32.dll
 0001:00002a50       _GetConsoleMode@8          00403a50 f   kernel32:KERNEL32.dll
 0001:00002a56       _GetConsoleScreenBufferInfo@8 00403a56 f   kernel32:KERNEL32.dll
 0001:00002a5c       _GetLastError@0            00403a5c f   kernel32:KERNEL32.dll
 0001:00002a62       _GetStdHandle@4            00403a62 f   kernel32:KERNEL32.dll
 0001:00002a68       _GetTickCount@0            00403a68 f   kernel32:KERNEL32.dll
 0001:00002a6e       _GetProcessHeap@0          00403a6e f   kernel32:KERNEL32.dll
 0001:00002a74       _HeapAlloc@12              00403a74 f   kernel32:KERNEL32.dll
 0001:00002a7a       _HeapFree@12               00403a7a f   kernel32:KERNEL32.dll
 0001:00002a80       _HeapSize@12               00403a80 f   kernel32:KERNEL32.dll
 0001:00002a86       _ReadConsoleA@20           00403a86 f   kernel32:KERNEL32.dll
 0001:00002a8c       _ReadFile@20               00403a8c f   kernel32:KERNEL32.dll
 0001:00002a92       _SetConsoleCursorPosition@8 00403a92 f   kernel32:KERNEL32.dll
 0001:00002a98       _SetConsoleMode@8          00403a98 f   kernel32:KERNEL32.dll
 0001:00002a9e       _SetConsoleScreenBufferSize@8 00403a9e f   kernel32:KERNEL32.dll
 0001:00002aa4       _SetConsoleTextAttribute@8 00403aa4 f   kernel32:KERNEL32.dll
 0001:00002aaa       _SetConsoleTitleA@4        00403aaa f   kernel32:KERNEL32.dll
 0001:00002ab0       _SetConsoleWindowInfo@12   00403ab0 f   kernel32:KERNEL32.dll
 0001:00002ab6       _SetFilePointer@16         00403ab6 f   kernel32:KERNEL32.dll
 0001:00002abc       _Sleep@4                   00403abc f   kernel32:KERNEL32.dll
 0001:00002ac2       _WriteFile@20              00403ac2 f   kernel32:KERNEL32.dll
 0001:00002ac8       _WriteConsoleA@20          00403ac8 f   kernel32:KERNEL32.dll
 0001:00002ace       _GetConsoleTitleA@8        00403ace f   kernel32:KERNEL32.dll
 0001:00002ad4       _GetFileSize@8             00403ad4 f   kernel32:KERNEL32.dll
 0001:00002ada       _WinExec@8                 00403ada f   kernel32:KERNEL32.dll
 0001:00002ae0       _OutputDebugStringA@4      00403ae0 f   kernel32:KERNEL32.dll
 0001:00002ae6       _IsDebuggerPresent@0       00403ae6 f   kernel32:KERNEL32.dll
 0001:00002aec       _FillConsoleOutputCharacterA@20 00403aec f   kernel32:KERNEL32.dll
 0001:00002af2       _FillConsoleOutputAttribute@20 00403af2 f   kernel32:KERNEL32.dll
 0001:00002af8       _lstrlenW@4                00403af8 f   kernel32:KERNEL32.dll
 0001:00002afe       _GetCommandLineW@0         00403afe f   kernel32:KERNEL32.dll
 0001:00002b04       _WideCharToMultiByte@32    00403b04 f   kernel32:KERNEL32.dll
 0001:00002b0a       _LocalFree@4               00403b0a f   kernel32:KERNEL32.dll
 0001:00002b10       _MessageBoxA@16            00403b10 f   user32:USER32.dll
 0001:00002b16       _CommandLineToArgvW@8      00403b16 f   shell32:SHELL32.dll
 0003:000001f8       _ConsoleHandle             004061f8     hcclib32.obj
 0003:000001fc       _ConsoleBuffer             004061fc     hcclib32.obj
 0003:0000024e       _ConsoleTitle              0040624e     hcclib32.obj
 0004:00000000       __IMPORT_DESCRIPTOR_KERNEL32 00407000     kernel32:KERNEL32.dll
 0004:00000014       __IMPORT_DESCRIPTOR_USER32 00407014     user32:USER32.dll
 0004:00000028       __IMPORT_DESCRIPTOR_SHELL32 00407028     shell32:SHELL32.dll
 0004:0000003c       __NULL_IMPORT_DESCRIPTOR   0040703c     kernel32:KERNEL32.dll
 0004:00000188       __imp__GetVersion@0        00407188     kernel32:KERNEL32.dll
 0004:0000018c       __imp__CloseHandle@4       0040718c     kernel32:KERNEL32.dll
 0004:00000190       __imp__CreateFileA@28      00407190     kernel32:KERNEL32.dll
 0004:00000194       __imp__ExitProcess@4       00407194     kernel32:KERNEL32.dll
 0004:00000198       __imp__GetConsoleMode@8    00407198     kernel32:KERNEL32.dll
 0004:0000019c       __imp__GetConsoleScreenBufferInfo@8 0040719c     kernel32:KERNEL32.dll
 0004:000001a0       __imp__GetLastError@0      004071a0     kernel32:KERNEL32.dll
 0004:000001a4       __imp__GetStdHandle@4      004071a4     kernel32:KERNEL32.dll
 0004:000001a8       __imp__GetTickCount@0      004071a8     kernel32:KERNEL32.dll
 0004:000001ac       __imp__GetProcessHeap@0    004071ac     kernel32:KERNEL32.dll
 0004:000001b0       __imp__HeapAlloc@12        004071b0     kernel32:KERNEL32.dll
 0004:000001b4       __imp__HeapFree@12         004071b4     kernel32:KERNEL32.dll
 0004:000001b8       __imp__HeapSize@12         004071b8     kernel32:KERNEL32.dll
 0004:000001bc       __imp__ReadConsoleA@20     004071bc     kernel32:KERNEL32.dll
 0004:000001c0       __imp__ReadFile@20         004071c0     kernel32:KERNEL32.dll
 0004:000001c4       __imp__SetConsoleCursorPosition@8 004071c4     kernel32:KERNEL32.dll
 0004:000001c8       __imp__SetConsoleMode@8    004071c8     kernel32:KERNEL32.dll
 0004:000001cc       __imp__SetConsoleScreenBufferSize@8 004071cc     kernel32:KERNEL32.dll
 0004:000001d0       __imp__SetConsoleTextAttribute@8 004071d0     kernel32:KERNEL32.dll
 0004:000001d4       __imp__SetConsoleTitleA@4  004071d4     kernel32:KERNEL32.dll
 0004:000001d8       __imp__SetConsoleWindowInfo@12 004071d8     kernel32:KERNEL32.dll
 0004:000001dc       __imp__SetFilePointer@16   004071dc     kernel32:KERNEL32.dll
 0004:000001e0       __imp__Sleep@4             004071e0     kernel32:KERNEL32.dll
 0004:000001e4       __imp__WriteFile@20        004071e4     kernel32:KERNEL32.dll
 0004:000001e8       __imp__WriteConsoleA@20    004071e8     kernel32:KERNEL32.dll
 0004:000001ec       __imp__GetConsoleTitleA@8  004071ec     kernel32:KERNEL32.dll
 0004:000001f0       __imp__GetFileSize@8       004071f0     kernel32:KERNEL32.dll
 0004:000001f4       __imp__WinExec@8           004071f4     kernel32:KERNEL32.dll
 0004:000001f8       __imp__OutputDebugStringA@4 004071f8     kernel32:KERNEL32.dll
 0004:000001fc       __imp__IsDebuggerPresent@0 004071fc     kernel32:KERNEL32.dll
 0004:00000200       __imp__FillConsoleOutputCharacterA@20 00407200     kernel32:KERNEL32.dll
 0004:00000204       __imp__FillConsoleOutputAttribute@20 00407204     kernel32:KERNEL32.dll
 0004:00000208       __imp__lstrlenW@4          00407208     kernel32:KERNEL32.dll
 0004:0000020c       __imp__GetCommandLineW@0   0040720c     kernel32:KERNEL32.dll
 0004:00000210       __imp__WideCharToMultiByte@32 00407210     kernel32:KERNEL32.dll
 0004:00000214       __imp__LocalFree@4         00407214     kernel32:KERNEL32.dll
 0004:00000218       \177KERNEL32_NULL_THUNK_DATA 00407218     kernel32:KERNEL32.dll
 0004:00000260       __imp__CommandLineToArgvW@8 00407260     shell32:SHELL32.dll
 0004:00000264       \177SHELL32_NULL_THUNK_DATA 00407264     shell32:SHELL32.dll
 0004:00000290       __imp__MessageBoxA@16      00407290     user32:USER32.dll
 0004:00000294       \177USER32_NULL_THUNK_DATA 00407294     user32:USER32.dll

 entry point at        0001:00000fae

