Microsoft (R) Macro Assembler Version 6.15.8803		    12/18/08 00:33:49
SEH testing						     Page 1 - 1


				TITLE SEH testing

				.386P
				.MODEL flat, stdcall
				.STACK 1024 * 1024

				INCLUDE hcclib32.INC	; the H++ library.
			      C .NOLIST
			      C .LIST
			      C 
			      C 
			      C ; when the "C" calling convension is used, then we must use :PROC;
			      C ; when the stdcall calling convension is used, we must use :PROTO;
			      C 
			      C EXTERN __purecall: PROTO;
			      C 
			      C ; H++  C O N S O L E   A P I s 
			      C 
			      C EXTERN Console_ClearScreen:PROTO;
			      C EXTERN Console_ReadString:PROTO;
			      C EXTERN Console_ReadChar:PROTO;
			      C EXTERN Console_WriteString:PROTO;
			      C EXTERN Console_WriteCrlf:PROTO;
			      C EXTERN Console_WriteChar:PROTO;
			      C EXTERN Console_SetCursorPos:PROTO;
			      C EXTERN Console_SetTextColor:PROTO;
			      C EXTERN Console_SetConsoleSize:PROTO;
			      C EXTERN Console_SetTitle:PROTO;
			      C EXTERN Console_GetTitle:PROTO;
			      C EXTERN Console_MoveWindow:PROTO;
			      C 
			      C EXTERN Console_ReadDouble:PROTO;
			      C EXTERN Console_ReadInteger:PROTO;
			      C EXTERN Console_WriteDouble:PROTO;
			      C EXTERN Console_WriteInteger:PROTO;
			      C EXTERN Console_WriteInteger64:PROTO;
			      C 
			      C ; H++  F I L E   A P I s 
			      C 
			      C EXTERN File_Open:PROTO;
			      C EXTERN File_Close:PROTO;
			      C EXTERN File_Read:PROTO;
			      C EXTERN File_Write:PROTO;
			      C EXTERN File_Seek:PROTO;
			      C EXTERN File_FileSize:PROTO;
			      C 
			      C ; H++  S Y S T E M   A P I s 
			      C 
			      C EXTERN System_Exit:PROTO;
			      C EXTERN System_LastError:PROTO;
			      C EXTERN System_CommandLineArgs:PROTO;
			      C EXTERN System_Execute:PROTO;
			      C EXTERN System_GetTickCount:PROTO;
			      C EXTERN System_Sleep:PROTO;
			      C EXTERN System_Debug_OutputString:PROTO;
			      C EXTERN System_BreakPoint:PROTO;
			      C EXTERN System_IsDebuggerPresent:PROTO;
			      C 
			      C ; H++  M A T H   A P I s
			      C 
			      C EXTERN Math_Init:PROTO;
			      C EXTERN Math_Abs:PROTO;
			      C EXTERN Math_ChangeSign:PROTO;
			      C EXTERN Math_Sqrt:PROTO;
			      C EXTERN Math_Sqr:PROTO;
			      C 
			      C EXTERN Math_Sin:PROTO;
			      C EXTERN Math_Cos:PROTO;
			      C EXTERN Math_Tan:PROTO;
			      C EXTERN Math_ArcTan:PROTO;
			      C EXTERN Math_Round:PROTO;
			      C 
			      C EXTERN Math_Modulus:PROTO;
			      C EXTERN Math_IEEEModulus:PROTO;
			      C EXTERN Math_ModulusTruncateDivisor:PROTO;
			      C 
			      C EXTERN Math_Ln:PROTO;
			      C EXTERN Math_log2:PROTO;
			      C EXTERN Math_log10:PROTO;
			      C EXTERN Math_Exp:PROTO;
			      C 
			      C EXTERN Math_MantissaOf:PROTO;
			      C EXTERN Math_GetNumberFrom:PROTO;
			      C EXTERN Math_LogN_base:PROTO;
			      C 
			      C EXTERN Math_Max:PROTO;
			      C EXTERN Math_Min:PROTO;
			      C EXTERN Math_Sign:PROTO;
			      C EXTERN Math_Pow2:PROTO;
			      C EXTERN Math_Pow:PROTO;
			      C EXTERN Math_Gcd:PROTO;
			      C EXTERN Math_Odd:PROTO;
			      C EXTERN Math_Even:PROTO;
			      C EXTERN Math_Trunc:PROTO;
			      C 
			      C ; N O N - I N T R I N S I C   M A T H   F U N C T I O N S 
			      C 
			      C EXTERN Math_Cotan:PROTO;
			      C EXTERN Math_Sec:PROTO;
			      C EXTERN Math_Cosec:PROTO;
			      C EXTERN Math_Inverse_Arcsin:PROTO;
			      C EXTERN Math_Inverse_Arccos:PROTO;
			      C EXTERN Math_Inverse_Arcsec:PROTO;
			      C EXTERN Math_Inverse_Arccosec:PROTO;
			      C EXTERN Math_Inverse_Arccotan:PROTO;
			      C 
			      C ; M A T H   C O N S T A N T S  
			      C EXTERN Math_pi:PROTO;
			      C EXTERN Math_log_10_base2:PROTO;
			      C EXTERN Math_log_e_base2:PROTO;
			      C EXTERN Math_log_2_base10:PROTO;
			      C EXTERN Math_log_2_base_e:PROTO;
			      C 
			      C 
			      C ; I N T E G E R   S P E C I F I C S   ( U T I L I T I E S )
			      C EXTERN Integer_toStringEx:PROTO;
			      C EXTERN Integer_toString:PROTO;
			      C EXTERN Integer_fromString:PROTO;
			      C 
			      C 
			      C ; F L O A T I N G   P O I N T   S P E C I F I C  (U T I L I T I E S )
			      C 
			      C EXTERN FloatingPoint_Compare:PROTO;
			      C EXTERN FloatingPoint_CompareToInteger:PROTO;
			      C EXTERN FloatingPoint_ToInt:PROTO;
			      C EXTERN FloatingPoint_ToInt64:PROTO;
			      C EXTERN FloatingPoint_FromInt:PROTO;
			      C EXTERN FloatingPoint_FromInt64:PROTO;
			      C 
			      C EXTERN FloatingPoint_toString:PROTO;
			      C EXTERN FloatingPoint_toStringEx:PROTO;
			      C EXTERN FloatingPoint_fromString:PROTO;
			      C 
			      C ; H++  S T R I N G  H A N D L I N G   A P I s 
			      C 
			      C EXTERN StringHandling_StringLength2:PROTO;
			      C EXTERN StringHandling_StringLength:PROTO;
			      C EXTERN StringHandling_StringCopy:PROTO;
			      C EXTERN StringHandling_StringCompare:PROTO;
			      C EXTERN StringHandling_StringUCase:PROTO;
			      C EXTERN StringHandling_StringLCase:PROTO;
			      C 
			      C ; H++  M E M O R Y   H A N D L I N G   A P I s
			      C 
			      C EXTERN System_Memory_Memset:PROTO;
			      C EXTERN System_Memory_GetProcessHeap:PROTO
			      C EXTERN System_Memory_Alloc:PROTO
			      C EXTERN System_Memory_Free:PROTO
			      C EXTERN System_Memory_Size:PROTO
			      C EXTERN System_Memory_New:PROTO
			      C EXTERN System_Memory_Destroy:PROTO
			      C EXTERN System_Memory_SizeFor:PROTO
			      C 
			      C 
			      C EXTERN System_GetCommandLineArgv:PROTO;
			      C 
			      C EXTERN System_ShowMessage:PROTO;
			      C 
			      C EXTERN ConsoleHandle:DWORD;
			      C ;
			      C .LIST
			      C 


 00000000			.DATA

 = 0C0000005h			STATUS_ACCESS_VIOLATION  			EQU <0C0000005h>
 = 0C0000094h			STATUS_INTEGER_DIVIDE_BY_ZERO    	EQU <0C0000094h>    

 00000000 41 6E 20 61 63	lpszOopsAV BYTE "An access violation exception has occurred!",0
	   63 65 73 73 20
	   76 69 6F 6C 61
	   74 69 6F 6E 20
	   65 78 63 65 70
	   74 69 6F 6E 20
	   68 61 73 20 6F
	   63 63 75 72 72
	   65 64 21 00
 0000002C 41 6E 20 69 6E	lpszOopsIDZ BYTE "An integer division by zero exception has occurred!",0
	   74 65 67 65 72
	   20 64 69 76 69
	   73 69 6F 6E 20
	   62 79 20 7A 65
	   72 6F 20 65 78
	   63 65 70 74 69
	   6F 6E 20 68 61
	   73 20 6F 63 63
	   75 72 72 65 64
	   21 00

 00000000			.CODE 

 00000000			main PROC NEAR

 00000000  55				push ebp
 00000001  8B EC			mov ebp, esp
 00000003  83 EC 10			sub esp, 10h
					
 00000006  CC				int 3
 00000007  B8 00000000 R		mov eax, offset lpszOopsAV
 0000000C  89 45 F0			mov dword ptr [ebp-10h], eax
					;try{
 0000000F  33 C0			xor eax, eax
 00000011  54				push esp		; pPrevESP
 00000012  55				push ebp		;pPrevEBP
 00000013  68 00000040 R		push offset __exception_handler;	the master handler
					assume fs:nothing
 00000018  64: FF 35			push dword ptr fs:[0]	;the current EXCEPTION_REGISTRATION struct pointer
	   00000000
 0000001F  64: 89 25			mov dword ptr fs:[0], esp	;the new EXCEPTION_REGISTRATION struct pointer
	   00000000
					
 00000026  8D 05 0000002C R		lea eax, offset lpszOopsIDZ;
 0000002C  89 45 F8			mov dword ptr [ebp-8], eax
					;
 0000002F  33 C0			xor eax, eax
 00000031  50				push eax
 00000032  50				push eax
 00000033  BD DEADBEEF			mov ebp, 0DEADBEEFh;  <--this has changed the base pointer
					;
 00000038  C7 00 DEADDEAD		mov dword ptr [eax], 0DEADDEADh ;<--- the access violation is provoked here!
					;I'll simulate the situation
					;push STATUS_INTEGER_DIVIDE_BY_ZERO; STATUS_ACCESS_VIOLATION
					;push esp
					;call __exception_handler;
					;
 0000003E  EB 46			jmp offset __continue0;
					
					
 00000040			__exception_handler:
				;EXCEPTION_DISPOSITION __cdecl _except_handler (
				;    __in struct _EXCEPTION_RECORD *_ExceptionRecord,
				;    __in void * _EstablisherFrame,
				;   __inout struct _CONTEXT *_ContextRecord,
				;    __inout void * _DispatcherContext
				;    );
					;
 00000040  8B 5C 24 04			mov ebx, dword ptr [esp+4];  _EXCEPTION_RECORD *_ExceptionRecord
 00000044  8B 0B			mov ecx, dword ptr [ebx];  _ExceptionRecord->ExceptionCode 
					;
 00000046  64: 8B 1D			mov ebx, dword ptr fs:[0]  ;pSEHEXREG->pPrevSEHEXREG;
	   00000000
 0000004D  8B 23			mov esp, dword ptr [ebx] ;<--- restore the stack pointer
 0000004F  64: 8F 05			pop dword ptr fs:[0]		;<--- set back the prev SEH ER pointer		
	   00000000
 00000056  8B 6C 24 04			mov ebp, dword ptr [esp+4];the prev EBP
 0000005A  8B 64 24 08			mov esp, dword ptr [esp+8]; the prev ESP
					;
 0000005E			__access_violation_handler:
 0000005E  B8 C0000005			mov eax, STATUS_ACCESS_VIOLATION ;the expr must have an exception code to use
 00000063  3B C1			cmp eax, ecx	;is this exception AV as I expected?
 00000065  75 0A			jnz offset __next_seh_handler0;
					;{
 00000067  FF 75 F0			push dword ptr [ebp-10h]
 0000006A  E8 00000000 E		call System_Debug_OutputString;	
					;}
 0000006F  EB 2B			jmp offset __safer_place0;
 00000071			__next_seh_handler0: ;no more seh handling
 00000071  B8 C0000094			mov eax, STATUS_INTEGER_DIVIDE_BY_ZERO ; 
 00000076  3B C1			cmp eax, ecx
 00000078  75 0A			jnz offset __next_seh_handler1;
					;{
 0000007A  FF 75 F8			push dword ptr [ebp-8]
 0000007D  E8 00000000 E		call System_Debug_OutputString;	
					;}
 00000082  EB 18			jmp offset __safer_place0;
 00000084			__next_seh_handler1:
 00000084  EB 16			jmp offset __safer_place0;
 00000086			__continue0:
 00000086  64: 8B 25			mov esp, dword ptr fs:[0]  ;<--- restore the stack pointer
	   00000000
 0000008D  64: 8F 05			pop fs:[0]		;<--- set back the prev ER pointer
	   00000000
 00000094  8B 6C 24 04			mov ebp, dword ptr [esp+4];the prev EBP
 00000098  8B 64 24 08			mov esp, dword ptr [esp+8]; the prev ESP	
 0000009C			__safer_place0:
 0000009C			__end_func:
 0000009C  C9				leave
 0000009D  C3				ret
 0000009E			main ENDP


				END main		;the Entry Point
Microsoft (R) Macro Assembler Version 6.15.8803		    12/18/08 00:33:49
SEH testing						     Symbols 2 - 1




Structures and Unions:

                N a m e                  Size
                                         Offset      Type

CONSOLE_CURSOR_INFO  . . . . . .	 00000008
  dwSize . . . . . . . . . . . .	 00000000	 DWord
  bVisible . . . . . . . . . . .	 00000004	 DWord
CONSOLE_SCREEN_BUFFER_INFO . . .	 00000016
  dwSize . . . . . . . . . . . .	 00000000	 DWord
  dwCursorPos  . . . . . . . . .	 00000004	 DWord
  wAttributes  . . . . . . . . .	 00000008	 Word
  srWindow . . . . . . . . . . .	 0000000A	 QWord
  maxWinSize . . . . . . . . . .	 00000012	 DWord
COORD  . . . . . . . . . . . . .	 00000004
  X  . . . . . . . . . . . . . .	 00000000	 Word
  Y  . . . . . . . . . . . . . .	 00000002	 Word
FILETIME . . . . . . . . . . . .	 00000008
  loDateTime . . . . . . . . . .	 00000000	 DWord
  hiDateTime . . . . . . . . . .	 00000004	 DWord
SMALL_RECT . . . . . . . . . . .	 00000008
  Left . . . . . . . . . . . . .	 00000000	 Word
  Top  . . . . . . . . . . . . .	 00000002	 Word
  Right  . . . . . . . . . . . .	 00000004	 Word
  Bottom . . . . . . . . . . . .	 00000006	 Word
SYSTEMTIME . . . . . . . . . . .	 00000010
  wYear  . . . . . . . . . . . .	 00000000	 Word
  wMonth . . . . . . . . . . . .	 00000002	 Word
  wDayOfWeek . . . . . . . . . .	 00000004	 Word
  wDay . . . . . . . . . . . . .	 00000006	 Word
  wHour  . . . . . . . . . . . .	 00000008	 Word
  wMinute  . . . . . . . . . . .	 0000000A	 Word
  wSecond  . . . . . . . . . . .	 0000000C	 Word
  wMilliseconds  . . . . . . . .	 0000000E	 Word


Segments and Groups:

                N a m e                 Size     Length   Align   Combine Class

FLAT . . . . . . . . . . . . . .	GROUP
STACK  . . . . . . . . . . . . .	32 Bit	 00100000 DWord	  Stack	  'STACK'	 
_DATA  . . . . . . . . . . . . .	32 Bit	 00000060 DWord	  Public  'DATA'	
_TEXT  . . . . . . . . . . . . .	32 Bit	 0000009E DWord	  Public  'CODE'	


Procedures,  parameters and locals:

                N a m e                 Type     Value    Attr

CloseHandle  . . . . . . . . . .	P Near	 00000000 FLAT	Length= 00000000 External STDCALL
Console_ClearScreen  . . . . . .	P Near	 00000000 FLAT	Length= 00000000 External STDCALL
Console_GetTitle . . . . . . . .	P Near	 00000000 FLAT	Length= 00000000 External STDCALL
Console_MoveWindow . . . . . . .	P Near	 00000000 FLAT	Length= 00000000 External STDCALL
Console_ReadChar . . . . . . . .	P Near	 00000000 FLAT	Length= 00000000 External STDCALL
Console_ReadDouble . . . . . . .	P Near	 00000000 FLAT	Length= 00000000 External STDCALL
Console_ReadInteger  . . . . . .	P Near	 00000000 FLAT	Length= 00000000 External STDCALL
Console_ReadString . . . . . . .	P Near	 00000000 FLAT	Length= 00000000 External STDCALL
Console_SetConsoleSize . . . . .	P Near	 00000000 FLAT	Length= 00000000 External STDCALL
Console_SetCursorPos . . . . . .	P Near	 00000000 FLAT	Length= 00000000 External STDCALL
Console_SetTextColor . . . . . .	P Near	 00000000 FLAT	Length= 00000000 External STDCALL
Console_SetTitle . . . . . . . .	P Near	 00000000 FLAT	Length= 00000000 External STDCALL
Console_WriteChar  . . . . . . .	P Near	 00000000 FLAT	Length= 00000000 External STDCALL
Console_WriteCrlf  . . . . . . .	P Near	 00000000 FLAT	Length= 00000000 External STDCALL
Console_WriteDouble  . . . . . .	P Near	 00000000 FLAT	Length= 00000000 External STDCALL
Console_WriteInteger64 . . . . .	P Near	 00000000 FLAT	Length= 00000000 External STDCALL
Console_WriteInteger . . . . . .	P Near	 00000000 FLAT	Length= 00000000 External STDCALL
Console_WriteString  . . . . . .	P Near	 00000000 FLAT	Length= 00000000 External STDCALL
CreateFileA  . . . . . . . . . .	P Near	 00000000 FLAT	Length= 00000000 External STDCALL
ExitProcess  . . . . . . . . . .	P Near	 00000000 FLAT	Length= 00000000 External STDCALL
File_Close . . . . . . . . . . .	P Near	 00000000 FLAT	Length= 00000000 External STDCALL
File_FileSize  . . . . . . . . .	P Near	 00000000 FLAT	Length= 00000000 External STDCALL
File_Open  . . . . . . . . . . .	P Near	 00000000 FLAT	Length= 00000000 External STDCALL
File_Read  . . . . . . . . . . .	P Near	 00000000 FLAT	Length= 00000000 External STDCALL
File_Seek  . . . . . . . . . . .	P Near	 00000000 FLAT	Length= 00000000 External STDCALL
File_Write . . . . . . . . . . .	P Near	 00000000 FLAT	Length= 00000000 External STDCALL
FloatingPoint_CompareToInteger .	P Near	 00000000 FLAT	Length= 00000000 External STDCALL
FloatingPoint_Compare  . . . . .	P Near	 00000000 FLAT	Length= 00000000 External STDCALL
FloatingPoint_FromInt64  . . . .	P Near	 00000000 FLAT	Length= 00000000 External STDCALL
FloatingPoint_FromInt  . . . . .	P Near	 00000000 FLAT	Length= 00000000 External STDCALL
FloatingPoint_ToInt64  . . . . .	P Near	 00000000 FLAT	Length= 00000000 External STDCALL
FloatingPoint_ToInt  . . . . . .	P Near	 00000000 FLAT	Length= 00000000 External STDCALL
FloatingPoint_fromString . . . .	P Near	 00000000 FLAT	Length= 00000000 External STDCALL
FloatingPoint_toStringEx . . . .	P Near	 00000000 FLAT	Length= 00000000 External STDCALL
FloatingPoint_toString . . . . .	P Near	 00000000 FLAT	Length= 00000000 External STDCALL
FlushConsoleInputBuffer  . . . .	P Near	 00000000 FLAT	Length= 00000000 External STDCALL
GetCommandLineA  . . . . . . . .	P Near	 00000000 FLAT	Length= 00000000 External STDCALL
GetConsoleCP . . . . . . . . . .	P Near	 00000000 FLAT	Length= 00000000 External STDCALL
GetConsoleCursorInfo . . . . . .	P Near	 00000000 FLAT	Length= 00000000 External STDCALL
GetConsoleMode . . . . . . . . .	P Near	 00000000 FLAT	Length= 00000000 External STDCALL
GetConsoleScreenBufferInfo . . .	P Near	 00000000 FLAT	Length= 00000000 External STDCALL
GetKeyState  . . . . . . . . . .	P Near	 00000000 FLAT	Length= 00000000 External STDCALL
GetLastError . . . . . . . . . .	P Near	 00000000 FLAT	Length= 00000000 External STDCALL
GetLocalTime . . . . . . . . . .	P Near	 00000000 FLAT	Length= 00000000 External STDCALL
GetNumberOfConsoleInputEvents  .	P Near	 00000000 FLAT	Length= 00000000 External STDCALL
GetProcessHeap . . . . . . . . .	P Near	 00000000 FLAT	Length= 00000000 External STDCALL
GetStdHandle . . . . . . . . . .	P Near	 00000000 FLAT	Length= 00000000 External STDCALL
GetSystemTime  . . . . . . . . .	P Near	 00000000 FLAT	Length= 00000000 External STDCALL
GetTickCount . . . . . . . . . .	P Near	 00000000 FLAT	Length= 00000000 External STDCALL
HeapAlloc  . . . . . . . . . . .	P Near	 00000000 FLAT	Length= 00000000 External STDCALL
HeapCreate . . . . . . . . . . .	P Near	 00000000 FLAT	Length= 00000000 External STDCALL
HeapDestroy  . . . . . . . . . .	P Near	 00000000 FLAT	Length= 00000000 External STDCALL
HeapFree . . . . . . . . . . . .	P Near	 00000000 FLAT	Length= 00000000 External STDCALL
HeapSize . . . . . . . . . . . .	P Near	 00000000 FLAT	Length= 00000000 External STDCALL
Integer_fromString . . . . . . .	P Near	 00000000 FLAT	Length= 00000000 External STDCALL
Integer_toStringEx . . . . . . .	P Near	 00000000 FLAT	Length= 00000000 External STDCALL
Integer_toString . . . . . . . .	P Near	 00000000 FLAT	Length= 00000000 External STDCALL
Math_Abs . . . . . . . . . . . .	P Near	 00000000 FLAT	Length= 00000000 External STDCALL
Math_ArcTan  . . . . . . . . . .	P Near	 00000000 FLAT	Length= 00000000 External STDCALL
Math_ChangeSign  . . . . . . . .	P Near	 00000000 FLAT	Length= 00000000 External STDCALL
Math_Cosec . . . . . . . . . . .	P Near	 00000000 FLAT	Length= 00000000 External STDCALL
Math_Cos . . . . . . . . . . . .	P Near	 00000000 FLAT	Length= 00000000 External STDCALL
Math_Cotan . . . . . . . . . . .	P Near	 00000000 FLAT	Length= 00000000 External STDCALL
Math_Even  . . . . . . . . . . .	P Near	 00000000 FLAT	Length= 00000000 External STDCALL
Math_Exp . . . . . . . . . . . .	P Near	 00000000 FLAT	Length= 00000000 External STDCALL
Math_Gcd . . . . . . . . . . . .	P Near	 00000000 FLAT	Length= 00000000 External STDCALL
Math_GetNumberFrom . . . . . . .	P Near	 00000000 FLAT	Length= 00000000 External STDCALL
Math_IEEEModulus . . . . . . . .	P Near	 00000000 FLAT	Length= 00000000 External STDCALL
Math_Init  . . . . . . . . . . .	P Near	 00000000 FLAT	Length= 00000000 External STDCALL
Math_Inverse_Arccosec  . . . . .	P Near	 00000000 FLAT	Length= 00000000 External STDCALL
Math_Inverse_Arccos  . . . . . .	P Near	 00000000 FLAT	Length= 00000000 External STDCALL
Math_Inverse_Arccotan  . . . . .	P Near	 00000000 FLAT	Length= 00000000 External STDCALL
Math_Inverse_Arcsec  . . . . . .	P Near	 00000000 FLAT	Length= 00000000 External STDCALL
Math_Inverse_Arcsin  . . . . . .	P Near	 00000000 FLAT	Length= 00000000 External STDCALL
Math_Ln  . . . . . . . . . . . .	P Near	 00000000 FLAT	Length= 00000000 External STDCALL
Math_LogN_base . . . . . . . . .	P Near	 00000000 FLAT	Length= 00000000 External STDCALL
Math_MantissaOf  . . . . . . . .	P Near	 00000000 FLAT	Length= 00000000 External STDCALL
Math_Max . . . . . . . . . . . .	P Near	 00000000 FLAT	Length= 00000000 External STDCALL
Math_Min . . . . . . . . . . . .	P Near	 00000000 FLAT	Length= 00000000 External STDCALL
Math_ModulusTruncateDivisor  . .	P Near	 00000000 FLAT	Length= 00000000 External STDCALL
Math_Modulus . . . . . . . . . .	P Near	 00000000 FLAT	Length= 00000000 External STDCALL
Math_Odd . . . . . . . . . . . .	P Near	 00000000 FLAT	Length= 00000000 External STDCALL
Math_Pow2  . . . . . . . . . . .	P Near	 00000000 FLAT	Length= 00000000 External STDCALL
Math_Pow . . . . . . . . . . . .	P Near	 00000000 FLAT	Length= 00000000 External STDCALL
Math_Round . . . . . . . . . . .	P Near	 00000000 FLAT	Length= 00000000 External STDCALL
Math_Sec . . . . . . . . . . . .	P Near	 00000000 FLAT	Length= 00000000 External STDCALL
Math_Sign  . . . . . . . . . . .	P Near	 00000000 FLAT	Length= 00000000 External STDCALL
Math_Sin . . . . . . . . . . . .	P Near	 00000000 FLAT	Length= 00000000 External STDCALL
Math_Sqrt  . . . . . . . . . . .	P Near	 00000000 FLAT	Length= 00000000 External STDCALL
Math_Sqr . . . . . . . . . . . .	P Near	 00000000 FLAT	Length= 00000000 External STDCALL
Math_Tan . . . . . . . . . . . .	P Near	 00000000 FLAT	Length= 00000000 External STDCALL
Math_Trunc . . . . . . . . . . .	P Near	 00000000 FLAT	Length= 00000000 External STDCALL
Math_log10 . . . . . . . . . . .	P Near	 00000000 FLAT	Length= 00000000 External STDCALL
Math_log2  . . . . . . . . . . .	P Near	 00000000 FLAT	Length= 00000000 External STDCALL
Math_log_10_base2  . . . . . . .	P Near	 00000000 FLAT	Length= 00000000 External STDCALL
Math_log_2_base10  . . . . . . .	P Near	 00000000 FLAT	Length= 00000000 External STDCALL
Math_log_2_base_e  . . . . . . .	P Near	 00000000 FLAT	Length= 00000000 External STDCALL
Math_log_e_base2 . . . . . . . .	P Near	 00000000 FLAT	Length= 00000000 External STDCALL
Math_pi  . . . . . . . . . . . .	P Near	 00000000 FLAT	Length= 00000000 External STDCALL
PeekConsoleInputA  . . . . . . .	P Near	 00000000 FLAT	Length= 00000000 External STDCALL
ReadConsoleA . . . . . . . . . .	P Near	 00000000 FLAT	Length= 00000000 External STDCALL
ReadConsoleInputA  . . . . . . .	P Near	 00000000 FLAT	Length= 00000000 External STDCALL
ReadFile . . . . . . . . . . . .	P Near	 00000000 FLAT	Length= 00000000 External STDCALL
SetConsoleCursorInfo . . . . . .	P Near	 00000000 FLAT	Length= 00000000 External STDCALL
SetConsoleCursorPosition . . . .	P Near	 00000000 FLAT	Length= 00000000 External STDCALL
SetConsoleMode . . . . . . . . .	P Near	 00000000 FLAT	Length= 00000000 External STDCALL
SetConsoleScreenBufferSize . . .	P Near	 00000000 FLAT	Length= 00000000 External STDCALL
SetConsoleTextAttribute  . . . .	P Near	 00000000 FLAT	Length= 00000000 External STDCALL
SetConsoleTitleA . . . . . . . .	P Near	 00000000 FLAT	Length= 00000000 External STDCALL
SetConsoleWindowInfo . . . . . .	P Near	 00000000 FLAT	Length= 00000000 External STDCALL
SetFilePointer . . . . . . . . .	P Near	 00000000 FLAT	Length= 00000000 External STDCALL
SetLocalTime . . . . . . . . . .	P Near	 00000000 FLAT	Length= 00000000 External STDCALL
Sleep  . . . . . . . . . . . . .	P Near	 00000000 FLAT	Length= 00000000 External STDCALL
StringHandling_StringCompare . .	P Near	 00000000 FLAT	Length= 00000000 External STDCALL
StringHandling_StringCopy  . . .	P Near	 00000000 FLAT	Length= 00000000 External STDCALL
StringHandling_StringLCase . . .	P Near	 00000000 FLAT	Length= 00000000 External STDCALL
StringHandling_StringLength2 . .	P Near	 00000000 FLAT	Length= 00000000 External STDCALL
StringHandling_StringLength  . .	P Near	 00000000 FLAT	Length= 00000000 External STDCALL
StringHandling_StringUCase . . .	P Near	 00000000 FLAT	Length= 00000000 External STDCALL
SystemTimeToFileTime . . . . . .	P Near	 00000000 FLAT	Length= 00000000 External STDCALL
System_BreakPoint  . . . . . . .	P Near	 00000000 FLAT	Length= 00000000 External STDCALL
System_CommandLineArgs . . . . .	P Near	 00000000 FLAT	Length= 00000000 External STDCALL
System_Debug_OutputString  . . .	P Near	 00000000 FLAT	Length= 00000000 External STDCALL
System_Execute . . . . . . . . .	P Near	 00000000 FLAT	Length= 00000000 External STDCALL
System_Exit  . . . . . . . . . .	P Near	 00000000 FLAT	Length= 00000000 External STDCALL
System_GetCommandLineArgv  . . .	P Near	 00000000 FLAT	Length= 00000000 External STDCALL
System_GetTickCount  . . . . . .	P Near	 00000000 FLAT	Length= 00000000 External STDCALL
System_IsDebuggerPresent . . . .	P Near	 00000000 FLAT	Length= 00000000 External STDCALL
System_LastError . . . . . . . .	P Near	 00000000 FLAT	Length= 00000000 External STDCALL
System_Memory_Alloc  . . . . . .	P Near	 00000000 FLAT	Length= 00000000 External STDCALL
System_Memory_Destroy  . . . . .	P Near	 00000000 FLAT	Length= 00000000 External STDCALL
System_Memory_Free . . . . . . .	P Near	 00000000 FLAT	Length= 00000000 External STDCALL
System_Memory_GetProcessHeap . .	P Near	 00000000 FLAT	Length= 00000000 External STDCALL
System_Memory_Memset . . . . . .	P Near	 00000000 FLAT	Length= 00000000 External STDCALL
System_Memory_New  . . . . . . .	P Near	 00000000 FLAT	Length= 00000000 External STDCALL
System_Memory_SizeFor  . . . . .	P Near	 00000000 FLAT	Length= 00000000 External STDCALL
System_Memory_Size . . . . . . .	P Near	 00000000 FLAT	Length= 00000000 External STDCALL
System_ShowMessage . . . . . . .	P Near	 00000000 FLAT	Length= 00000000 External STDCALL
System_Sleep . . . . . . . . . .	P Near	 00000000 FLAT	Length= 00000000 External STDCALL
WriteConsoleA  . . . . . . . . .	P Near	 00000000 FLAT	Length= 00000000 External STDCALL
WriteConsoleOutputAttribute  . .	P Near	 00000000 FLAT	Length= 00000000 External STDCALL
WriteConsoleOutputCharacterA . .	P Near	 00000000 FLAT	Length= 00000000 External STDCALL
WriteFile  . . . . . . . . . . .	P Near	 00000000 FLAT	Length= 00000000 External STDCALL
__purecall . . . . . . . . . . .	P Near	 00000000 FLAT	Length= 00000000 External STDCALL
main . . . . . . . . . . . . . .	P Near	 00000000 _TEXT	Length= 0000009E Public STDCALL
  __exception_handler  . . . . .	L Near	 00000040 _TEXT	
  __access_violation_handler . .	L Near	 0000005E _TEXT	
  __next_seh_handler0  . . . . .	L Near	 00000071 _TEXT	
  __next_seh_handler1  . . . . .	L Near	 00000084 _TEXT	
  __continue0  . . . . . . . . .	L Near	 00000086 _TEXT	
  __safer_place0 . . . . . . . .	L Near	 0000009C _TEXT	
  __end_func . . . . . . . . . .	L Near	 0000009C _TEXT	


Symbols:

                N a m e                 Type     Value    Attr

@CodeSize  . . . . . . . . . . .	Number	 00000000h   
@DataSize  . . . . . . . . . . .	Number	 00000000h   
@Interface . . . . . . . . . . .	Number	 00000003h   
@Model . . . . . . . . . . . . .	Number	 00000007h   
@code  . . . . . . . . . . . . .	Text   	 _TEXT
@data  . . . . . . . . . . . . .	Text   	 FLAT
@fardata?  . . . . . . . . . . .	Text   	 FLAT
@fardata . . . . . . . . . . . .	Text   	 FLAT
@stack . . . . . . . . . . . . .	Text   	 FLAT
CREATE_ALWAYS  . . . . . . . . .	Number	 00000002h   
CREATE_NEW . . . . . . . . . . .	Number	 00000001h   
ConsoleHandle  . . . . . . . . .	DWord	 00000000 FLAT	External STDCALL
CreateFile . . . . . . . . . . .	Text   	 CreateFileA
ENABLE_ECHO_INPUT  . . . . . . .	Number	 00000004h   
ENABLE_LINE_INPUT  . . . . . . .	Number	 00000002h   
ENABLE_MOUSE_INPUT . . . . . . .	Number	 00000010h   
ENABLE_PROCESSED_INPUT . . . . .	Number	 00000001h   
ENABLE_PROCESSED_OUTPUT  . . . .	Number	 00000001h   
ENABLE_WINDOW_INPUT  . . . . . .	Number	 00000008h   
ENABLE_WRAP_AT_EOL_OUTPUT  . . .	Number	 00000002h   
FILE_APPEND_DATA . . . . . . . .	Number	 00000004h   
FILE_ATTRIBUTE_ARCHIVE . . . . .	Number	 00000020h   
FILE_ATTRIBUTE_COMPRESSED  . . .	Number	 00000800h   
FILE_ATTRIBUTE_DEVICE  . . . . .	Number	 00000040h   
FILE_ATTRIBUTE_DIRECTORY . . . .	Number	 00000010h   
FILE_ATTRIBUTE_ENCRYPTED . . . .	Number	 00004000h   
FILE_ATTRIBUTE_HIDDEN  . . . . .	Number	 00000002h   
FILE_ATTRIBUTE_NORMAL  . . . . .	Number	 00000080h   
FILE_ATTRIBUTE_NOT_CONTENT_INDEXED .	Number	 00002000h   
FILE_ATTRIBUTE_OFFLINE . . . . .	Number	 00001000h   
FILE_ATTRIBUTE_READONLY  . . . .	Number	 00000001h   
FILE_ATTRIBUTE_REPARSE_POINT . .	Number	 00000400h   
FILE_ATTRIBUTE_SPARSE_FILE . . .	Number	 00000200h   
FILE_ATTRIBUTE_SYSTEM  . . . . .	Number	 00000004h   
FILE_ATTRIBUTE_TEMPORARY . . . .	Number	 00000100h   
FILE_BEGIN . . . . . . . . . . .	Number	 00000000h   
FILE_CURRENT . . . . . . . . . .	Number	 00000001h   
FILE_DELETE_CHILD  . . . . . . .	Number	 00000040h   
FILE_END . . . . . . . . . . . .	Number	 00000002h   
FILE_READ_DATA . . . . . . . . .	Number	 00000001h   
FILE_SHARE_DELETE  . . . . . . .	Number	 00000004h   
FILE_SHARE_READ  . . . . . . . .	Number	 00000001h   
FILE_SHARE_WRITE . . . . . . . .	Number	 00000002h   
FILE_WRITE_DATA  . . . . . . . .	Number	 00000002h   
FOCUS_EVENT  . . . . . . . . . .	Number	 00000010h   
GENERIC_ALL  . . . . . . . . . .	Number	 10000000h   
GENERIC_EXECUTE  . . . . . . . .	Number	 20000000h   
GENERIC_READ . . . . . . . . . .	Number	 -80000000h   
GENERIC_WRITE  . . . . . . . . .	Number	 40000000h   
GetCommandLine . . . . . . . . .	Text   	 GetCommandLineA
HEAP_GENERATE_EXCEPTIONS . . . .	Number	 00000004h   
HEAP_GROWABLE  . . . . . . . . .	Number	 00000002h   
HEAP_NO_SERIALIZE  . . . . . . .	Number	 00000001h   
HEAP_REALLOC_IN_PLACE_ONLY . . .	Number	 00000010h   
HEAP_ZERO_MEMORY . . . . . . . .	Number	 00000008h   
INVALID_HANDLE_VALUE . . . . . .	Number	 -00000001h   
KEY_EVENT  . . . . . . . . . . .	Number	 00000001h   
MENU_EVENT . . . . . . . . . . .	Number	 00000008h   
MOUSE_EVENT  . . . . . . . . . .	Number	 00000002h   
OPEN_ALWAYS  . . . . . . . . . .	Number	 00000004h   
OPEN_EXISTING  . . . . . . . . .	Number	 00000003h   
PeekConsoleInput . . . . . . . .	Text   	 PeekConsoleInputA
ReadConsoleInput . . . . . . . .	Text   	 ReadConsoleInputA
ReadConsole  . . . . . . . . . .	Text   	 ReadConsoleA
STATUS_ACCESS_VIOLATION  . . . .	Text   	 0C0000005h
STATUS_INTEGER_DIVIDE_BY_ZERO  .	Text   	 0C0000094h
STD_INPUT_HANDLE . . . . . . . .	Number	 -0000000Ah   
STD_OUTPUT_HANDLE  . . . . . . .	Number	 -0000000Bh   
SetConsoleTitle  . . . . . . . .	Text   	 SetConsoleTitleA
TRUNCATE_EXISTING  . . . . . . .	Number	 00000005h   
WINDOW_BUFFER_SIZE_EVENT . . . .	Number	 00000004h   
WriteConsoleOutputCharacter  . .	Text   	 WriteConsoleOutputCharacterA
WriteConsole . . . . . . . . . .	Text   	 WriteConsoleA
exit . . . . . . . . . . . . . .	Text   	 INVOKE ExitProcess,0
lpszOopsAV . . . . . . . . . . .	Byte	 00000000 _DATA	
lpszOopsIDZ  . . . . . . . . . .	Byte	 0000002C _DATA	

	   0 Warnings
	   0 Errors
